python : INFO:src.services.credential_manager:\u2713 Cipher suite initialized
At line:1 char:55
+ ... \backend" ; python test_multi_user_isolation.py 2>&1 > test_output.tx ...
+                 ~~~~~~~~~~~~~~~~~~~~~~~~~~~~~~~~~~~~~~~~~~~~~~~~~~~~~~~~~
    + CategoryInfo          : NotSpecified: (INFO:src.servic...ite initialized 
   :String) [], RemoteException
    + FullyQualifiedErrorId : NativeCommandError
 
Traceback (most recent call last):

======================================================================
MULTI-USER MT5 ISOLATION SYSTEM - TEST SUITE
======================================================================

[TEST 1] Credential Encryption & Decryption
----------------------------------------------------------------------
  Original Login: 12345
  Encrypted Login: gAAAAABp8Jjv0u7hKSfL...
  File "C:\Users\Cyril 
Sofdev\Desktop\SofAi-Fx\backend\test_multi_user_isolation.py", line 50, in 
<module>
    print(f"  \u2713 Encryption successful")
  File "C:\Users\Cyril 
Sofdev\AppData\Local\Programs\Python\Python310\lib\encodings\cp1252.py", line 
19, in encode
    return codecs.charmap_encode(input,self.errors,encoding_table)[0]
UnicodeEncodeError: 'charmap' codec can't encode character '\u2713' in 
position 2: character maps to <undefined>

During handling of the above exception, another exception occurred:

Traceback (most recent call last):
  File "C:\Users\Cyril 
Sofdev\Desktop\SofAi-Fx\backend\test_multi_user_isolation.py", line 68, in 
<module>
    print(f"\n\u274c TEST 1 FAILED: {e}")
  File "C:\Users\Cyril 
Sofdev\AppData\Local\Programs\Python\Python310\lib\encodings\cp1252.py", line 
19, in encode
    return codecs.charmap_encode(input,self.errors,encoding_table)[0]
UnicodeEncodeError: 'charmap' codec can't encode character '\u274c' in 
position 2: character maps to <undefined>
